// Jest Snapshot v1, https://goo.gl/fbAQLP

exports[`Help Command Builder Should build message 1`] = `
"<messageML>
  <card class=\\"barStyle\\" data-icon-src=\\"\\">
    <header>
      <img style=\\"width: 12px; height: 12px; position: relative; top: 1px;\\" src=\\"help-command-icon.svg\\" />
      See below the commands you can use to interact with the Template Bot.
    </header>

    <body>
      <div>
        <div style=\\"padding-bottom: 4px;\\"><b style=\\"color: \\">Commands</b></div>
        <div style=\\"border-left: 2px solid ;\\">
          <div style=\\"padding-left: 4px;\\">
            <b>Example:</b> @Example &lt;comand example&gt; <br />
          </div>
        </div>
      </div>
      <div style=\\"margin-top: 8px\\">
      </div>
    </body>
  </card>
</messageML>"
`;
